// Jest Snapshot v1, https://goo.gl/fbAQLP

exports[`getQuadkeysByParent converts the quadkey at the specified zoom level 1`] = `
Object {
  "00": Array [
    "000",
  ],
  "03": Array [
    "0330",
    "03330",
  ],
}
`;

exports[`getQuadkeysByParent converts the quadkey at the specified zoom level 2`] = `
Object {
  "100": Array [
    "1000",
  ],
  "122": Array [
    "12200",
    "122200",
  ],
}
`;

exports[`getQuadkeysByParent converts the quadkey at the specified zoom level 3`] = `
Object {
  "2000": Array [
    "20000",
  ],
  "2110": Array [
    "211000",
  ],
  "2111": Array [
    "2111000",
  ],
}
`;

exports[`getQuadkeysByParent converts the quadkey at the specified zoom level 4`] = `
Object {
  "30000": Array [
    "300000",
    "3000000",
    "30000000",
  ],
}
`;

exports[`getQuadkeysByParent converts the quadkey at the specified zoom level 5`] = `
Object {
  "400000": Array [
    "4000000",
    "4000000",
    "4000000",
  ],
}
`;
