// Jest Snapshot v1, https://goo.gl/fbAQLP

exports[`getQuadkeyHeatmapFromPoints calculates with known points 1`] = `
Array [
  Object {
    "density": 1,
    "quadkey": "13",
  },
  Object {
    "density": 1,
    "quadkey": "21",
  },
  Object {
    "density": 1,
    "quadkey": "31",
  },
  Object {
    "density": 1,
    "quadkey": "03",
  },
]
`;

exports[`getQuadkeyHeatmapFromPoints calculates with known points 2`] = `
Array [
  Object {
    "density": 4,
    "quadkey": "000000000000000000",
  },
]
`;

exports[`getQuadkeyHeatmapFromPoints calculates with many points 1`] = `
Array [
  Object {
    "density": 112,
    "quadkey": "300000000000000000",
  },
  Object {
    "density": 96,
    "quadkey": "300300000000000000",
  },
  Object {
    "density": 80,
    "quadkey": "303000000000000000",
  },
  Object {
    "density": 64,
    "quadkey": "303122222222222222",
  },
  Object {
    "density": 48,
    "quadkey": "330000000000000000",
  },
  Object {
    "density": 32,
    "quadkey": "330300000000000000",
  },
  Object {
    "density": 16,
    "quadkey": "333000000000000000",
  },
  Object {
    "density": 240,
    "quadkey": "000000000000000000",
  },
  Object {
    "density": 224,
    "quadkey": "000122222222222222",
  },
  Object {
    "density": 208,
    "quadkey": "003000000000000000",
  },
  Object {
    "density": 192,
    "quadkey": "003300000000000000",
  },
  Object {
    "density": 176,
    "quadkey": "012222222222222222",
  },
  Object {
    "density": 160,
    "quadkey": "030300000000000000",
  },
  Object {
    "density": 144,
    "quadkey": "033000000000000000",
  },
  Object {
    "density": 128,
    "quadkey": "033300000000000000",
  },
]
`;
