// Jest Snapshot v1, https://goo.gl/fbAQLP

exports[`getQuadkeyHeatmapFromPoints calculates with known points 1`] = `
Array [
  Object {
    "density": 0.16666666666666666,
    "quadkey": "13022",
  },
  Object {
    "density": 0.16666666666666666,
    "quadkey": "21200",
  },
  Object {
    "density": 0.16666666666666666,
    "quadkey": "31200",
  },
  Object {
    "density": 0.16666666666666666,
    "quadkey": "03022",
  },
]
`;

exports[`getQuadkeyHeatmapFromPoints calculates with known points 2`] = `
Array [
  Object {
    "density": 1.0666666666666667,
    "quadkey": "00000000",
  },
]
`;

exports[`getQuadkeyHeatmapFromPoints calculates with many points 1`] = `
Array [
  Object {
    "density": 64,
    "quadkey": "00000000",
  },
  Object {
    "density": 59.733333333333334,
    "quadkey": "00012222",
  },
  Object {
    "density": 55.46666666666667,
    "quadkey": "00300000",
  },
  Object {
    "density": 51.2,
    "quadkey": "00330000",
  },
  Object {
    "density": 46.93333333333333,
    "quadkey": "01222222",
  },
  Object {
    "density": 42.666666666666664,
    "quadkey": "03030000",
  },
  Object {
    "density": 38.4,
    "quadkey": "03300000",
  },
  Object {
    "density": 34.13333333333333,
    "quadkey": "03330000",
  },
  Object {
    "density": 29.866666666666667,
    "quadkey": "30000000",
  },
  Object {
    "density": 25.6,
    "quadkey": "30030000",
  },
  Object {
    "density": 21.333333333333332,
    "quadkey": "30300000",
  },
  Object {
    "density": 17.066666666666666,
    "quadkey": "30312222",
  },
  Object {
    "density": 12.8,
    "quadkey": "33000000",
  },
  Object {
    "density": 8.533333333333333,
    "quadkey": "33030000",
  },
  Object {
    "density": 4.266666666666667,
    "quadkey": "33300000",
  },
]
`;
