// Jest Snapshot v1, https://goo.gl/fbAQLP

exports[`getQuadkeyHeatmapFromPoints calculates with known points 1`] = `
Array [
  Object {
    "density": 1,
    "quadkey": "0",
  },
  Object {
    "density": 1,
    "quadkey": "1",
  },
  Object {
    "density": 1,
    "quadkey": "2",
  },
  Object {
    "density": 1,
    "quadkey": "3",
  },
]
`;

exports[`getQuadkeyHeatmapFromPoints calculates with known points 2`] = `
Array [
  Object {
    "density": 4,
    "quadkey": "0000000000000000000",
  },
]
`;
